Using Vite Environment API (experimental)
[36mvite v7.2.4 [32mbuilding client environment for production...[36m[39m
transforming...
node.exe : 
所在位置 C:\Users\ljc24\AppData\Roaming\npm\npx.
ps1:24 字符: 5
+     & "node$exe"  "$basedir/node_modules/n
pm/bin/npx-cli.js" $args
+     ~~~~~~~~~~~~~~~~~~~~~~~~~~~~~~~~~~~~~~
~~~~~~~~~~~~~~~~~~~~~~~~
    + CategoryInfo          : NotSpecified: 
    (:String) [], RemoteException
    + FullyQualifiedErrorId : NativeCommand 
   Error
 
/grid.png referenced in /grid.png didn't res
olve at build time, it will remain unchanged
 to be resolved at runtime

/patterns/grid.svg referenced in /patterns/g
rid.svg didn't resolve at build time, it wil
l remain unchanged to be resolved at runtime
[32m鉁?[39m 2363 modules transformed.
[33mGenerated an empty chunk: "atom.xml".[
39m
[33mGenerated an empty chunk: "rss.xml".[3
9m
[33mGenerated an empty chunk: "sitemap_._xm
l".[39m
[33mGenerated an empty chunk: "robots_._txt
".[39m
[33mGenerated an empty chunk: "logout".[39
m
[33mGenerated an empty chunk: "admin.logout
".[39m
[33mGenerated an empty chunk: "api.ai.chat"
.[39m
[33mGenerated an empty chunk: "api.ai.summa
ry".[39m
[33mGenerated an empty chunk: "api.ai.writi
ng".[39m
[33mGenerated an empty chunk: "api.ai.moder
ate".[39m
[33mGenerated an empty chunk: "api.ai.seo".
[39m
[33mGenerated an empty chunk: "api.ai.tags"
.[39m
[33mGenerated an empty chunk: "api.ai.searc
h".[39m
[33mGenerated an empty chunk: "api.ai.recom
mend".[39m
[33mGenerated an empty chunk: "api.auth.log
in".[39m
[33mGenerated an empty chunk: "api.auth.reg
ister".[39m
[33mGenerated an empty chunk: "api.auth.sen
d-code".[39m
[33mGenerated an empty chunk: "api.user.me"
.[39m
[33mGenerated an empty chunk: "api.user.pur
chases".[39m
[33mGenerated an empty chunk: "api.daily-si
gnin".[39m
[33mGenerated an empty chunk: "api.system.h
ealth".[39m
[33mGenerated an empty chunk: "api.admin.co
mments".[39m
[33mGenerated an empty chunk: "api.admin.pu
rge-cache".[39m
[33mGenerated an empty chunk: "api.admin.ch
ange-password".[39m
[33mGenerated an empty chunk: "api.comments
".[39m
[33mGenerated an empty chunk: "api.payment.
callback".[39m
[33mGenerated an empty chunk: "api.payment.
mock-complete".[39m
[33mGenerated an empty chunk: "api.subscrip
tion".[39m
[33mGenerated an empty chunk: "api.shop.pur
chase".[39m
[33mGenerated an empty chunk: "api.wallet".
[39m
[33mGenerated an empty chunk: "api.wallet.r
echarge".[39m
[33mGenerated an empty chunk: "api.upload".
[39m
[33mGenerated an empty chunk: "api.r2._".[
39m
[33mGenerated an empty chunk: "api.bangumi.
search".[39m
[33mGenerated an empty chunk: "api.bangumi.
detail".[39m
[33mGenerated an empty chunk: "api.animes".
[39m
[33mGenerated an empty chunk: "action.set-t
heme".[39m
[33mGenerated an empty chunk: "api.og".[39
m
[33mGenerated an empty chunk: "api.achievem
ent".[39m
rendering chunks...
computing gzip size...
[2mbuild/client/[22m[32m.vite/manifest.json                           [39m[1m[2m 58.88 kB[22m[1m[22m[2m 鈹?gzip:  6.15 kB[22m
[2mbuild/client/[22m[35massets/root-Dhh9OZUJ.css                      [39m[1m[2m313.12 kB[22m[1m[22m[2m 鈹?gzip: 38.04 kB[22m
[2mbuild/client/[22m[36massets/atom.xml-l0sNRNKZ.js                   [39m[1m[2m  0.00 kB[22m[1m[22m[2m 鈹?gzip:  0.02 kB[22m
[2mbuild/client/[22m[36massets/rss.xml-l0sNRNKZ.js                    [39m[1m[2m  0.00 kB[22m[1m[22m[2m 鈹?gzip:  0.02 kB[22m
[2mbuild/client/[22m[36massets/sitemap_._xml-l0sNRNKZ.js              [39m[1m[2m  0.00 kB[22m[1m[22m[2m 鈹?gzip:  0.02 kB[22m
[2mbuild/client/[22m[36massets/robots_._txt-l0sNRNKZ.js               [39m[1m[2m  0.00 kB[22m[1m[22m[2m 鈹?gzip:  0.02 kB[22m
[2mbuild/client/[22m[36massets/logout-l0sNRNKZ.js                     [39m[1m[2m  0.00 kB[22m[1m[22m[2m 鈹?gzip:  0.02 kB[22m
[2mbuild/client/[22m[36massets/admin.logout-l0sNRNKZ.js               [39m[1m[2m  0.00 kB[22m[1m[22m[2m 鈹?gzip:  0.02 kB[22m
[2mbuild/client/[22m[36massets/api.ai.chat-l0sNRNKZ.js                [39m[1m[2m  0.00 kB[22m[1m[22m[2m 鈹?gzip:  0.02 kB[22m
[2mbuild/client/[22m[36massets/api.ai.summary-l0sNRNKZ.js             [39m[1m[2m  0.00 kB[22m[1m[22m[2m 鈹?gzip:  0.02 kB[22m
[2mbuild/client/[22m[36massets/api.ai.writing-l0sNRNKZ.js             [39m[1m[2m  0.00 kB[22m[1m[22m[2m 鈹?gzip:  0.02 kB[22m
[2mbuild/client/[22m[36massets/api.ai.moderate-l0sNRNKZ.js            [39m[1m[2m  0.00 kB[22m[1m[22m[2m 鈹?gzip:  0.02 kB[22m
[2mbuild/client/[22m[36massets/api.ai.seo-l0sNRNKZ.js                 [39m[1m[2m  0.00 kB[22m[1m[22m[2m 鈹?gzip:  0.02 kB[22m
[2mbuild/client/[22m[36massets/api.ai.tags-l0sNRNKZ.js                [39m[1m[2m  0.00 kB[22m[1m[22m[2m 鈹?gzip:  0.02 kB[22m
[2mbuild/client/[22m[36massets/api.ai.search-l0sNRNKZ.js              [39m[1m[2m  0.00 kB[22m[1m[22m[2m 鈹?gzip:  0.02 kB[22m
[2mbuild/client/[22m[36massets/api.ai.recommend-l0sNRNKZ.js           [39m[1m[2m  0.00 kB[22m[1m[22m[2m 鈹?gzip:  0.02 kB[22m
[2mbuild/client/[22m[36massets/api.auth.login-l0sNRNKZ.js             [39m[1m[2m  0.00 kB[22m[1m[22m[2m 鈹?gzip:  0.02 kB[22m
[2mbuild/client/[22m[36massets/api.auth.register-l0sNRNKZ.js          [39m[1m[2m  0.00 kB[22m[1m[22m[2m 鈹?gzip:  0.02 kB[22m
[2mbuild/client/[22m[36massets/api.auth.send-code-l0sNRNKZ.js         [39m[1m[2m  0.00 kB[22m[1m[22m[2m 鈹?gzip:  0.02 kB[22m
[2mbuild/client/[22m[36massets/api.user.me-l0sNRNKZ.js                [39m[1m[2m  0.00 kB[22m[1m[22m[2m 鈹?gzip:  0.02 kB[22m
[2mbuild/client/[22m[36massets/api.user.purchases-l0sNRNKZ.js         [39m[1m[2m  0.00 kB[22m[1m[22m[2m 鈹?gzip:  0.02 kB[22m
[2mbuild/client/[22m[36massets/api.daily-signin-l0sNRNKZ.js           [39m[1m[2m  0.00 kB[22m[1m[22m[2m 鈹?gzip:  0.02 kB[22m
[2mbuild/client/[22m[36massets/api.system.health-l0sNRNKZ.js          [39m[1m[2m  0.00 kB[22m[1m[22m[2m 鈹?gzip:  0.02 kB[22m
[2mbuild/client/[22m[36massets/api.admin.comments-l0sNRNKZ.js         [39m[1m[2m  0.00 kB[22m[1m[22m[2m 鈹?gzip:  0.02 kB[22m
[2mbuild/client/[22m[36massets/api.admin.purge-cache-l0sNRNKZ.js      [39m[1m[2m  0.00 kB[22m[1m[22m[2m 鈹?gzip:  0.02 kB[22m
[2mbuild/client/[22m[36massets/api.admin.change-password-l0sNRNKZ.js  [39m[1m[2m  0.00 kB[22m[1m[22m[2m 鈹?gzip:  0.02 kB[22m
[2mbuild/client/[22m[36massets/api.comments-l0sNRNKZ.js               [39m[1m[2m  0.00 kB[22m[1m[22m[2m 鈹?gzip:  0.02 kB[22m
[2mbuild/client/[22m[36massets/api.payment.callback-l0sNRNKZ.js       [39m[1m[2m  0.00 kB[22m[1m[22m[2m 鈹?gzip:  0.02 kB[22m
[2mbuild/client/[22m[36massets/api.payment.mock-complete-l0sNRNKZ.js  [39m[1m[2m  0.00 kB[22m[1m[22m[2m 鈹?gzip:  0.02 kB[22m
[2mbuild/client/[22m[36massets/api.subscription-l0sNRNKZ.js           [39m[1m[2m  0.00 kB[22m[1m[22m[2m 鈹?gzip:  0.02 kB[22m
[2mbuild/client/[22m[36massets/api.shop.purchase-l0sNRNKZ.js          [39m[1m[2m  0.00 kB[22m[1m[22m[2m 鈹?gzip:  0.02 kB[22m
[2mbuild/client/[22m[36massets/api.wallet-l0sNRNKZ.js                 [39m[1m[2m  0.00 kB[22m[1m[22m[2m 鈹?gzip:  0.02 kB[22m
[2mbuild/client/[22m[36massets/api.wallet.recharge-l0sNRNKZ.js        [39m[1m[2m  0.00 kB[22m[1m[22m[2m 鈹?gzip:  0.02 kB[22m
[2mbuild/client/[22m[36massets/api.upload-l0sNRNKZ.js                 [39m[1m[2m  0.00 kB[22m[1m[22m[2m 鈹?gzip:  0.02 kB[22m
[2mbuild/client/[22m[36massets/api.r2._-l0sNRNKZ.js                   [39m[1m[2m  0.00 kB[22m[1m[22m[2m 鈹?gzip:  0.02 kB[22m
[2mbuild/client/[22m[36massets/api.bangumi.search-l0sNRNKZ.js         [39m[1m[2m  0.00 kB[22m[1m[22m[2m 鈹?gzip:  0.02 kB[22m
[2mbuild/client/[22m[36massets/api.bangumi.detail-l0sNRNKZ.js         [39m[1m[2m  0.00 kB[22m[1m[22m[2m 鈹?gzip:  0.02 kB[22m
[2mbuild/client/[22m[36massets/api.animes-l0sNRNKZ.js                 [39m[1m[2m  0.00 kB[22m[1m[22m[2m 鈹?gzip:  0.02 kB[22m
[2mbuild/client/[22m[36massets/action.set-theme-l0sNRNKZ.js           [39m[1m[2m  0.00 kB[22m[1m[22m[2m 鈹?gzip:  0.02 kB[22m
[2mbuild/client/[22m[36massets/api.og-l0sNRNKZ.js                     [39m[1m[2m  0.00 kB[22m[1m[22m[2m 鈹?gzip:  0.02 kB[22m
[2mbuild/client/[22m[36massets/api.achievement-l0sNRNKZ.js            [39m[1m[2m  0.00 kB[22m[1m[22m[2m 鈹?gzip:  0.02 kB[22m
[2mbuild/client/[22m[36massets/check-Dk_4rI3K.js                      [39m[1m[2m  0.13 kB[22m[1m[22m[2m 鈹?gzip:  0.15 kB[22m
[2mbuild/client/[22m[36massets/chevron-right-C1Bi6JkE.js              [39m[1m[2m  0.14 kB[22m[1m[22m[2m 鈹?gzip:  0.15 kB[22m
[2mbuild/client/[22m[36massets/loader-circle-5rHKswNz.js              [39m[1m[2m  0.15 kB[22m[1m[22m[2m 鈹?gzip:  0.16 kB[22m
[2mbuild/client/[22m[36massets/plus-Dsp24_Z-.js                       [39m[1m[2m  0.17 kB[22m[1m[22m[2m 鈹?gzip:  0.16 kB[22m
[2mbuild/client/[22m[36massets/x-DZXFDARi.js                          [39m[1m[2m  0.17 kB[22m[1m[22m[2m 鈹?gzip:  0.16 kB[22m
[2mbuild/client/[22m[36massets/clock-UbLecT1P.js                      [39m[1m[2m  0.18 kB[22m[1m[22m[2m 鈹?gzip:  0.17 kB[22m
[2mbuild/client/[22m[36massets/arrow-left-CAX36_6s.js                 [39m[1m[2m  0.18 kB[22m[1m[22m[2m 鈹?gzip:  0.17 kB[22m
[2mbuild/client/[22m[36massets/arrow-right-hlPmK2bn.js                [39m[1m[2m  0.18 kB[22m[1m[22m[2m 鈹?gzip:  0.17 kB[22m
[2mbuild/client/[22m[36massets/search-DvTqNAgs.js                     [39m[1m[2m  0.18 kB[22m[1m[22m[2m 鈹?gzip:  0.17 kB[22m
[2mbuild/client/[22m[36massets/circle-check-big-D1BaLyVa.js           [39m[1m[2m  0.20 kB[22m[1m[22m[2m 鈹?gzip:  0.19 kB[22m
[2mbuild/client/[22m[36massets/user-_e7X2CIH.js                       [39m[1m[2m  0.20 kB[22m[1m[22m[2m 鈹?gzip:  0.19 kB[22m
[2mbuild/client/[22m[36massets/info-DLF9QonT.js                       [39m[1m[2m  0.21 kB[22m[1m[22m[2m 鈹?gzip:  0.18 kB[22m
[2mbuild/client/[22m[36massets/lock-3qPAX2Wi.js                       [39m[1m[2m  0.21 kB[22m[1m[22m[2m 鈹?gzip:  0.20 kB[22m
[2mbuild/client/[22m[36massets/circle-x-BV65cP4u.js                   [39m[1m[2m  0.21 kB[22m[1m[22m[2m 鈹?gzip:  0.19 kB[22m
[2mbuild/client/[22m[36massets/credit-card-D9LE36_h.js                [39m[1m[2m  0.22 kB[22m[1m[22m[2m 鈹?gzip:  0.20 kB[22m
[2mbuild/client/[22m[36massets/mail-Bei87q9V.js                       [39m[1m[2m  0.23 kB[22m[1m[22m[2m 鈹?gzip:  0.21 kB[22m
[2mbuild/client/[22m[36massets/log-out-DcVObz0a.js                    [39m[1m[2m  0.24 kB[22m[1m[22m[2m 鈹?gzip:  0.20 kB[22m
[2mbuild/client/[22m[36massets/copy-B9sPRktY.js                       [39m[1m[2m  0.24 kB[22m[1m[22m[2m 鈹?gzip:  0.21 kB[22m
[2mbuild/client/[22m[36massets/message-square-Dw_AmH53.js             [39m[1m[2m  0.25 kB[22m[1m[22m[2m 鈹?gzip:  0.21 kB[22m
[2mbuild/client/[22m[36massets/user-check-DzIlf6zS.js                 [39m[1m[2m  0.25 kB[22m[1m[22m[2m 鈹?gzip:  0.21 kB[22m
[2mbuild/client/[22m[36massets/database-DB6Ixr9W.js                   [39m[1m[2m  0.26 kB[22m[1m[22m[2m 鈹?gzip:  0.21 kB[22m
[2mbuild/client/[22m[36massets/circle-alert-BuahivbV.js               [39m[1m[2m  0.26 kB[22m[1m[22m[2m 鈹?gzip:  0.20 kB[22m
[2mbuild/client/[22m[36massets/circle-J9PVgYTE.js                     [39m[1m[2m  0.26 kB[22m[1m[22m[2m 鈹?gzip:  0.19 kB[22m
[2mbuild/client/[22m[36massets/funnel-BP8TGLaj.js                     [39m[1m[2m  0.26 kB[22m[1m[22m[2m 鈹?gzip:  0.22 kB[22m
[2mbuild/client/[22m[36massets/eye-YObuPOz9.js                        [39m[1m[2m  0.26 kB[22m[1m[22m[2m 鈹?gzip:  0.21 kB[22m
[2mbuild/client/[22m[36massets/chart-column-0aAdGS0s.js               [39m[1m[2m  0.26 kB[22m[1m[22m[2m 鈹?gzip:  0.20 kB[22m
[2mbuild/client/[22m[36massets/calendar-B_2y984J.js                   [39m[1m[2m  0.27 kB[22m[1m[22m[2m 鈹?gzip:  0.21 kB[22m
[2mbuild/client/[22m[36massets/heart-B4VdvuO-.js                      [39m[1m[2m  0.27 kB[22m[1m[22m[2m 鈹?gzip:  0.23 kB[22m
[2mbuild/client/[22m[36massets/zap-CaV0YVd2.js                        [39m[1m[2m  0.27 kB[22m[1m[22m[2m 鈹?gzip:  0.22 kB[22m
[2mbuild/client/[22m[36massets/triangle-alert-EBixPbGL.js             [39m[1m[2m  0.28 kB[22m[1m[22m[2m 鈹?gzip:  0.22 kB[22m
[2mbuild/client/[22m[36massets/shield-CRD3Z1mU.js                     [39m[1m[2m  0.28 kB[22m[1m[22m[2m 鈹?gzip:  0.23 kB[22m
[2mbuild/client/[22m[36massets/image-KAlyVWVA.js                      [39m[1m[2m  0.28 kB[22m[1m[22m[2m 鈹?gzip:  0.23 kB[22m
[2mbuild/client/[22m[36massets/pen-line-CLYodY5j.js                   [39m[1m[2m  0.29 kB[22m[1m[22m[2m 鈹?gzip:  0.24 kB[22m
[2mbuild/client/[22m[36massets/house-pkF7C9ob.js                      [39m[1m[2m  0.29 kB[22m[1m[22m[2m 鈹?gzip:  0.23 kB[22m
[2mbuild/client/[22m[36massets/send-BUYWTh1V.js                       [39m[1m[2m  0.30 kB[22m[1m[22m[2m 鈹?gzip:  0.24 kB[22m
[2mbuild/client/[22m[36massets/users-BMCcC428.js                      [39m[1m[2m  0.32 kB[22m[1m[22m[2m 鈹?gzip:  0.23 kB[22m
[2mbuild/client/[22m[36massets/useUser-CoWsBWLr.js                    [39m[1m[2m  0.32 kB[22m[1m[22m[2m 鈹?gzip:  0.25 kB[22m
[2mbuild/client/[22m[36massets/shield-check-BFjOCHLC.js               [39m[1m[2m  0.33 kB[22m[1m[22m[2m 鈹?gzip:  0.26 kB[22m
[2mbuild/client/[22m[36massets/refresh-cw-DaQK_0Re.js                 [39m[1m[2m  0.33 kB[22m[1m[22m[2m 鈹?gzip:  0.24 kB[22m
[2mbuild/client/[22m[36massets/save-ByZmsD9y.js                       [39m[1m[2m  0.34 kB[22m[1m[22m[2m 鈹?gzip:  0.24 kB[22m
[2mbuild/client/[22m[36massets/trash-2-CueMYs0c.js                    [39m[1m[2m  0.34 kB[22m[1m[22m[2m 鈹?gzip:  0.23 kB[22m
[2mbuild/client/[22m[36massets/scale-DPCSfMt4.js                      [39m[1m[2m  0.34 kB[22m[1m[22m[2m 鈹?gzip:  0.23 kB[22m
[2mbuild/client/[22m[36massets/server-BDcUNUF3.js                     [39m[1m[2m  0.35 kB[22m[1m[22m[2m 鈹?gzip:  0.23 kB[22m
[2mbuild/client/[22m[36massets/shopping-bag-9tsLO1dy.js               [39m[1m[2m  0.35 kB[22m[1m[22m[2m 鈹?gzip:  0.25 kB[22m
[2mbuild/client/[22m[36massets/share-2-BbiuTXu0.js                    [39m[1m[2m  0.36 kB[22m[1m[22m[2m 鈹?gzip:  0.24 kB[22m
[2mbuild/client/[22m[36massets/shield-alert-CKRs06p0.js               [39m[1m[2m  0.37 kB[22m[1m[22m[2m 鈹?gzip:  0.27 kB[22m
[2mbuild/client/[22m[36massets/play-wQ_AR-_y.js                       [39m[1m[2m  0.37 kB[22m[1m[22m[2m 鈹?gzip:  0.26 kB[22m
[2mbuild/client/[22m[36massets/gift-Bb8XbSnr.js                       [39m[1m[2m  0.37 kB[22m[1m[22m[2m 鈹?gzip:  0.26 kB[22m
[2mbuild/client/[22m[36massets/index-B5HSa1Pr.js                      [39m[1m[2m  0.37 kB[22m[1m[22m[2m 鈹?gzip:  0.27 kB[22m
[2mbuild/client/[22m[36massets/crown-DRHSVZ60.js                      [39m[1m[2m  0.37 kB[22m[1m[22m[2m 鈹?gzip:  0.27 kB[22m
[2mbuild/client/[22m[36massets/package-C5pL05SE.js                    [39m[1m[2m  0.38 kB[22m[1m[22m[2m 鈹?gzip:  0.26 kB[22m
[2mbuild/client/[22m[36massets/file-text-DwX4hoTK.js                  [39m[1m[2m  0.40 kB[22m[1m[22m[2m 鈹?gzip:  0.26 kB[22m
[2mbuild/client/[22m[36massets/volume-2-YL9Kbhur.js                   [39m[1m[2m  0.40 kB[22m[1m[22m[2m 鈹?gzip:  0.28 kB[22m
[2mbuild/client/[22m[36massets/history-CTnjhK_L.js                    [39m[1m[2m  0.43 kB[22m[1m[22m[2m 鈹?gzip:  0.29 kB[22m
[2mbuild/client/[22m[36massets/eye-off-DLofD8e8.js                    [39m[1m[2m  0.44 kB[22m[1m[22m[2m 鈹?gzip:  0.28 kB[22m
[2mbuild/client/[22m[36massets/star-CDYZj3bK.js                       [39m[1m[2m  0.48 kB[22m[1m[22m[2m 鈹?gzip:  0.30 kB[22m
[2mbuild/client/[22m[36massets/trophy-CoRTyG5D.js                     [39m[1m[2m  0.49 kB[22m[1m[22m[2m 鈹?gzip:  0.29 kB[22m
[2mbuild/client/[22m[36massets/settings-BxDeqHJM.js                   [39m[1m[2m  0.49 kB[22m[1m[22m[2m 鈹?gzip:  0.26 kB[22m
[2mbuild/client/[22m[36massets/sparkles-DgGUwuT1.js                   [39m[1m[2m  0.51 kB[22m[1m[22m[2m 鈹?gzip:  0.29 kB[22m
[2mbuild/client/[22m[36massets/palette-825G_-yR.js                    [39m[1m[2m  0.52 kB[22m[1m[22m[2m 鈹?gzip:  0.28 kB[22m
[2mbuild/client/[22m[36massets/HiddenPixelButton-BSaFdZpJ.js          [39m[1m[2m  0.58 kB[22m[1m[22m[2m 鈹?gzip:  0.40 kB[22m
[2mbuild/client/[22m[36massets/TitleChanger-CRMOBDoc.js               [39m[1m[2m  0.86 kB[22m[1m[22m[2m 鈹?gzip:  0.62 kB[22m
[2mbuild/client/[22m[36massets/GlassCard-DijE6tfZ.js                  [39m[1m[2m  0.88 kB[22m[1m[22m[2m 鈹?gzip:  0.56 kB[22m
[2mbuild/client/[22m[36massets/root-BGRT2jXo.js                       [39m[1m[2m  0.91 kB[22m[1m[22m[2m 鈹?gzip:  0.50 kB[22m
[2mbuild/client/[22m[36massets/volume-x-BLTqyowM.js                   [39m[1m[2m  1.01 kB[22m[1m[22m[2m 鈹?gzip:  0.52 kB[22m
[2mbuild/client/[22m[36massets/createLucideIcon-BOcKm4U2.js           [39m[1m[2m  1.18 kB[22m[1m[22m[2m 鈹?gzip:  0.70 kB[22m
[2mbuild/client/[22m[36massets/KonamiCode-DhH2wjss.js                 [39m[1m[2m  1.19 kB[22m[1m[22m[2m 鈹?gzip:  0.70 kB[22m
[2mbuild/client/[22m[36massets/CopyAttribution-CHeRDt7o.js            [39m[1m[2m  1.22 kB[22m[1m[22m[2m 鈹?gzip:  0.83 kB[22m
[2mbuild/client/[22m[36massets/OptimizedImage-weCTEwRy.js             [39m[1m[2m  1.22 kB[22m[1m[22m[2m 鈹?gzip:  0.73 kB[22m
[2mbuild/client/[22m[36massets/TheatricalMode-Cy8SRVz1.js             [39m[1m[2m  1.26 kB[22m[1m[22m[2m 鈹?gzip:  0.74 kB[22m
[2mbuild/client/[22m[36massets/AmbientSound-B-Dr1kbp.js               [39m[1m[2m  1.61 kB[22m[1m[22m[2m 鈹?gzip:  0.88 kB[22m
[2mbuild/client/[22m[36massets/admin.tags-D5z70ZA7.js                 [39m[1m[2m  1.68 kB[22m[1m[22m[2m 鈹?gzip:  0.78 kB[22m
[2mbuild/client/[22m[36massets/Toast-c-7wu2sA.js                      [39m[1m[2m  1.74 kB[22m[1m[22m[2m 鈹?gzip:  0.88 kB[22m
[2mbuild/client/[22m[36massets/CustomCursor-B7hufPIK.js               [39m[1m[2m  1.92 kB[22m[1m[22m[2m 鈹?gzip:  1.04 kB[22m
[2mbuild/client/[22m[36massets/useMusicPlayer-DLPh_ieN.js             [39m[1m[2m  1.96 kB[22m[1m[22m[2m 鈹?gzip:  1.04 kB[22m
[2mbuild/client/[22m[36massets/_game-BUOjy_ri.js                      [39m[1m[2m  2.00 kB[22m[1m[22m[2m 鈹?gzip:  0.93 kB[22m
[2mbuild/client/[22m[36massets/admin.404-BWjeR9Px.js                  [39m[1m[2m  2.07 kB[22m[1m[22m[2m 鈹?gzip:  1.00 kB[22m
[2mbuild/client/[22m[36massets/Modal-B9t6LHGB.js                      [39m[1m[2m  2.24 kB[22m[1m[22m[2m 鈹?gzip:  0.99 kB[22m
[2mbuild/client/[22m[36massets/AchievementSystem-CFgLG4cj.js          [39m[1m[2m  2.32 kB[22m[1m[22m[2m 鈹?gzip:  1.36 kB[22m
[2mbuild/client/[22m[36massets/MobileNav-C5Knx7QM.js                  [39m[1m[2m  2.36 kB[22m[1m[22m[2m 鈹?gzip:  1.28 kB[22m
[2mbuild/client/[22m[36massets/NavMenu-CYYNcT3z.js                    [39m[1m[2m  3.01 kB[22m[1m[22m[2m 鈹?gzip:  1.28 kB[22m
[2mbuild/client/[22m[36massets/index-PVRhRUq8.js                      [39m[1m[2m  3.52 kB[22m[1m[22m[2m 鈹?gzip:  1.70 kB[22m
[2mbuild/client/[22m[36massets/ResponsiveComponents-Ctp9l6M7.js       [39m[1m[2m  3.69 kB[22m[1m[22m[2m 鈹?gzip:  1.55 kB[22m
[2mbuild/client/[22m[36massets/EasterEggs-DJF96b_3.js                 [39m[1m[2m  4.45 kB[22m[1m[22m[2m 鈹?gzip:  2.01 kB[22m
[2mbuild/client/[22m[36massets/ClientOnly-DUkzzfo1.js                 [39m[1m[2m  4.52 kB[22m[1m[22m[2m 鈹?gzip:  1.76 kB[22m
[2mbuild/client/[22m[36massets/Live2D-BbBSuu4j.js                     [39m[1m[2m  4.65 kB[22m[1m[22m[2m 鈹?gzip:  2.35 kB[22m
[2mbuild/client/[22m[36massets/gallery-D2mkABb4.js                    [39m[1m[2m  4.70 kB[22m[1m[22m[2m 鈹?gzip:  1.84 kB[22m
[2mbuild/client/[22m[36massets/admin.cleanup-C7mvwTJX.js              [39m[1m[2m  4.80 kB[22m[1m[22m[2m 鈹?gzip:  1.92 kB[22m
[2mbuild/client/[22m[36massets/OmniCommand-CmHYUsOI.js                [39m[1m[2m  4.96 kB[22m[1m[22m[2m 鈹?gzip:  2.17 kB[22m
[2mbuild/client/[22m[36massets/ThemeToggle-TCOk7tLG.js                [39m[1m[2m  5.07 kB[22m[1m[22m[2m 鈹?gzip:  2.21 kB[22m
[2mbuild/client/[22m[36massets/archive-DchVMOIL.js                    [39m[1m[2m  5.22 kB[22m[1m[22m[2m 鈹?gzip:  1.93 kB[22m
[2mbuild/client/[22m[36massets/MusicPlayerMobile-x8L2kfuH.js          [39m[1m[2m  6.22 kB[22m[1m[22m[2m 鈹?gzip:  2.30 kB[22m
[2mbuild/client/[22m[36massets/wallet-BHK5e1sj.js                     [39m[1m[2m  6.28 kB[22m[1m[22m[2m 鈹?gzip:  2.68 kB[22m
[2mbuild/client/[22m[36massets/login-L00Z2bkj.js                      [39m[1m[2m  6.35 kB[22m[1m[22m[2m 鈹?gzip:  2.51 kB[22m
[2mbuild/client/[22m[36massets/404-DV7jXk6O.js                        [39m[1m[2m  6.48 kB[22m[1m[22m[2m 鈹?gzip:  2.40 kB[22m
[2mbuild/client/[22m[36massets/privacy-BZXRkR8w.js                    [39m[1m[2m  6.54 kB[22m[1m[22m[2m 鈹?gzip:  2.40 kB[22m
[2mbuild/client/[22m[36massets/admin.analytics-BOKJ3Aqo.js            [39m[1m[2m  6.72 kB[22m[1m[22m[2m 鈹?gzip:  2.22 kB[22m
[2mbuild/client/[22m[36massets/user.achievements-BZg3dy7L.js          [39m[1m[2m  6.86 kB[22m[1m[22m[2m 鈹?gzip:  2.86 kB[22m
[2mbuild/client/[22m[36massets/admin.login-DMFzfDrh.js                [39m[1m[2m  6.94 kB[22m[1m[22m[2m 鈹?gzip:  2.29 kB[22m
[2mbuild/client/[22m[36massets/user.inventory-DY1xlsUW.js             [39m[1m[2m  7.02 kB[22m[1m[22m[2m 鈹?gzip:  2.85 kB[22m
[2mbuild/client/[22m[36massets/use-transform-Dm3RvxhO.js              [39m[1m[2m  7.13 kB[22m[1m[22m[2m 鈹?gzip:  2.99 kB[22m
[2mbuild/client/[22m[36massets/articles-OhnDCZ3k.js                   [39m[1m[2m  7.37 kB[22m[1m[22m[2m 鈹?gzip:  2.91 kB[22m
[2mbuild/client/[22m[36massets/forgot-password-B8zIZ4dR.js            [39m[1m[2m  7.85 kB[22m[1m[22m[2m 鈹?gzip:  2.74 kB[22m
[2mbuild/client/[22m[36massets/admin.comments-B-IAylem.js             [39m[1m[2m  8.24 kB[22m[1m[22m[2m 鈹?gzip:  2.93 kB[22m
[2mbuild/client/[22m[36massets/admin.articles-D8pdvpYl.js             [39m[1m[2m  8.40 kB[22m[1m[22m[2m 鈹?gzip:  3.05 kB[22m
[2mbuild/client/[22m[36massets/admin.missions-HLTiM8PJ.js             [39m[1m[2m  9.04 kB[22m[1m[22m[2m 鈹?gzip:  2.78 kB[22m
[2mbuild/client/[22m[36massets/admin.membership-Bdph3rZE.js           [39m[1m[2m  9.53 kB[22m[1m[22m[2m 鈹?gzip:  2.77 kB[22m
[2mbuild/client/[22m[36massets/register-Cnm4U7pr.js                   [39m[1m[2m 10.12 kB[22m[1m[22m[2m 鈹?gzip:  3.41 kB[22m
[2mbuild/client/[22m[36massets/admin.shop-e9dVUx9s.js                 [39m[1m[2m 10.23 kB[22m[1m[22m[2m 鈹?gzip:  3.59 kB[22m
[2mbuild/client/[22m[36massets/terms-CAI2cH0C.js                      [39m[1m[2m 10.68 kB[22m[1m[22m[2m 鈹?gzip:  4.15 kB[22m
[2mbuild/client/[22m[36massets/bangumi._id-CuWGgrBo.js                [39m[1m[2m 10.81 kB[22m[1m[22m[2m 鈹?gzip:  2.93 kB[22m
[2mbuild/client/[22m[36massets/bangumi-Cv7Du299.js                    [39m[1m[2m 10.95 kB[22m[1m[22m[2m 鈹?gzip:  3.66 kB[22m
[2mbuild/client/[22m[36massets/articles._slug-BQIwyO2_.js             [39m[1m[2m 11.02 kB[22m[1m[22m[2m 鈹?gzip:  3.62 kB[22m
[2mbuild/client/[22m[36massets/home-DqUFw2of.js                       [39m[1m[2m 11.07 kB[22m[1m[22m[2m 鈹?gzip:  3.47 kB[22m
[2mbuild/client/[22m[36massets/legal.sponsor-BinLTH3f.js              [39m[1m[2m 11.27 kB[22m[1m[22m[2m 鈹?gzip:  3.59 kB[22m
[2mbuild/client/[22m[36massets/user.membership-CMCzN-8e.js            [39m[1m[2m 11.82 kB[22m[1m[22m[2m 鈹?gzip:  3.86 kB[22m
[2mbuild/client/[22m[36massets/legal.privacy-BvA5gWET.js              [39m[1m[2m 12.64 kB[22m[1m[22m[2m 鈹?gzip:  3.66 kB[22m
[2mbuild/client/[22m[36massets/disclaimer-CoI8iyo1.js                 [39m[1m[2m 13.17 kB[22m[1m[22m[2m 鈹?gzip:  4.57 kB[22m
[2mbuild/client/[22m[36massets/admin.gallery-voeLzq74.js              [39m[1m[2m 14.33 kB[22m[1m[22m[2m 鈹?gzip:  4.97 kB[22m
[2mbuild/client/[22m[36massets/admin.users-D9RuP9CJ.js                [39m[1m[2m 15.25 kB[22m[1m[22m[2m 鈹?gzip:  4.42 kB[22m
[2mbuild/client/[22m[36massets/MusicPlayer-D_rSYIzx.js                [39m[1m[2m 15.86 kB[22m[1m[22m[2m 鈹?gzip:  4.83 kB[22m
[2mbuild/client/[22m[36massets/user.dashboard-Ch6L5yRn.js             [39m[1m[2m 15.93 kB[22m[1m[22m[2m 鈹?gzip:  5.71 kB[22m
[2mbuild/client/[22m[36massets/settings-DjUuAHWO.js                   [39m[1m[2m 20.66 kB[22m[1m[22m[2m 鈹?gzip:  6.34 kB[22m
[2mbuild/client/[22m[36massets/admin-DiwC1XVt.js                      [39m[1m[2m 22.55 kB[22m[1m[22m[2m 鈹?gzip:  6.15 kB[22m
[2mbuild/client/[22m[36massets/admin.anime.manage-C9PyRsRx.js         [39m[1m[2m 23.09 kB[22m[1m[22m[2m 鈹?gzip:  6.24 kB[22m
[2mbuild/client/[22m[36massets/cn-C3HMI9FJ.js                         [39m[1m[2m 25.52 kB[22m[1m[22m[2m 鈹?gzip:  8.18 kB[22m
[2mbuild/client/[22m[36massets/root-BC6mOp9l.js                       [39m[1m[2m 33.53 kB[22m[1m[22m[2m 鈹?gzip: 10.70 kB[22m
[2mbuild/client/[22m[36massets/admin.settings-Cv3xoB4t.js             [39m[1m[2m 38.47 kB[22m[1m[22m[2m 鈹?gzip:  8.90 kB[22m
[2mbuild/client/[22m[36massets/shop-CUcDVuIq.js                       [39m[1m[2m 47.21 kB[22m[1m[22m[2m 鈹?gzip: 16.60 kB[22m
[2mbuild/client/[22m[36massets/admin.article.new-6LQL9zEa.js          [39m[1m[2m 57.96 kB[22m[1m[22m[2m 鈹?gzip: 18.39 kB[22m
[2mbuild/client/[22m[36massets/proxy-DQEPvVBm.js                      [39m[1m[2m112.28 kB[22m[1m[22m[2m 鈹?gzip: 36.94 kB[22m
[2mbuild/client/[22m[36massets/chunk-4WY6JWTD-DHa_eXBn.js             [39m[1m[2m122.70 kB[22m[1m[22m[2m 鈹?gzip: 41.45 kB[22m
[2mbuild/client/[22m[36massets/entry.client-CTL0H6QP.js               [39m[1m[2m190.46 kB[22m[1m[22m[2m 鈹?gzip: 60.00 kB[22m
[32m鉁?built in 41.06s[39m
[36mvite v7.2.4 [32mbuilding ssr environment for production...[36m[39m
transforming...
[32m鉁?[39m 2398 modules transformed.
[31m鉁?[39m Build failed in 23.60s
[31mapp/pages/admin/admin.tsx (6:9): "getSe
ssionId" is not exported by "app/services/au
th.server.ts", imported by "app/pages/admin/
admin.tsx".[39m
file: [36mD:/Desktop/my-anime-blog/app/page
s/admin/admin.tsx:6:9[39m
[33m
4: import { Menu, X, Home, FileText, Message
Square, Image as ImageIcon, Settings, LogOut
, ChevronRight, BarChart3, Users...
5: import { AdminMusicPlayer } from "~/compo
nents/admin/AdminMusicPlayer";
6: import { getSessionId } from "~/services/
auth.server";
            ^
7: import { motion, AnimatePresence } from "
framer-motion";
[39m
    at getRollupError (file:///D:/Desktop/my
-anime-blog/node_modules/rollup/dist/es/shar
ed/parseAst.js:401:41)
    at error (file:///D:/Desktop/my-anime-bl
og/node_modules/rollup/dist/es/shared/parseA
st.js:397:42)
    at Module.error (file:///D:/Desktop/my-a
nime-blog/node_modules/rollup/dist/es/shared
/node-entry.js:16956:16)
    at Module.traceVariable (file:///D:/Desk
top/my-anime-blog/node_modules/rollup/dist/e
s/shared/node-entry.js:17412:29)
    at ModuleScope.findVariable (file:///D:/
Desktop/my-anime-blog/node_modules/rollup/di
st/es/shared/node-entry.js:15076:39)
    at FunctionScope.findVariable (file:///D
:/Desktop/my-anime-blog/node_modules/rollup/
dist/es/shared/node-entry.js:5649:38)
    at FunctionBodyScope.findVariable (file:
///D:/Desktop/my-anime-blog/node_modules/rol
lup/dist/es/shared/node-entry.js:5649:38)
    at Identifier.bind (file:///D:/Desktop/m
y-anime-blog/node_modules/rollup/dist/es/sha
red/node-entry.js:5423:40)
    at CallExpression.bind (file:///D:/Deskt
op/my-anime-blog/node_modules/rollup/dist/es
/shared/node-entry.js:2813:23)
    at CallExpression.bind (file:///D:/Deskt
op/my-anime-blog/node_modules/rollup/dist/es
/shared/node-entry.js:12123:15) {
  binding: 'getSessionId',
  code: 'MISSING_EXPORT',
  exporter: 'D:/Desktop/my-anime-blog/app/se
rvices/auth.server.ts',
  id: 'D:/Desktop/my-anime-blog/app/pages/ad
min/admin.tsx',
  url: 'https://rollupjs.org/troubleshooting
/#error-name-is-not-exported-by-module',
  pos: 535,
  loc: {
    column: 9,
    file: 'D:/Desktop/my-anime-blog/app/page
s/admin/admin.tsx',
    line: 6
  },
  frame: '4: import { Menu, X, Home, FileTex
t, MessageSquare, Image as ImageIcon, Settin
gs, LogOut, ChevronRight, BarChart3, Users..
.\n' +
    '5: import { AdminMusicPlayer } from "~/
components/admin/AdminMusicPlayer";\n' +
    '6: import { getSessionId } from "~/serv
ices/auth.server";\n' +
    '            ^\n' +
    '7: import { motion, AnimatePresence } f
rom "framer-motion";',
  watchFiles: [
    'D:/Desktop/my-anime-blog/workers/app.ts
',
    'D:/Desktop/my-anime-blog/node_modules/@
cloudflare/unenv-preset/dist/runtime/node/co
nsole.mjs',
    'D:/Desktop/my-anime-blog/node_modules/@
cloudflare/unenv-preset/dist/runtime/polyfil
l/performance.mjs',
    'D:/Desktop/my-anime-blog/node_modules/@
cloudflare/unenv-preset/dist/runtime/node/pr
ocess.mjs',
    'D:/Desktop/my-anime-blog/node_modules/u
nenv/dist/runtime/node/console.mjs',
    'D:/Desktop/my-anime-blog/node_modules/u
nenv/dist/runtime/node/internal/process/hrti
me.mjs',
    'D:/Desktop/my-anime-blog/node_modules/u
nenv/dist/runtime/node/perf_hooks.mjs',
    'D:/Desktop/my-anime-blog/node_modules/u
nenv/dist/runtime/node/internal/process/proc
ess.mjs',
    'D:/Desktop/my-anime-blog/node_modules/u
nenv/dist/runtime/mock/noop.mjs',
    'D:/Desktop/my-anime-blog/node_modules/u
nenv/dist/runtime/_internal/utils.mjs',
    'D:/Desktop/my-anime-blog/node_modules/u
nenv/dist/runtime/node/internal/perf_hooks/c
onstants.mjs',
    'D:/Desktop/my-anime-blog/node_modules/u
nenv/dist/runtime/node/internal/perf_hooks/p
erformance.mjs',
    'D:/Desktop/my-anime-blog/node_modules/u
nenv/dist/runtime/node/internal/perf_hooks/h
istogram.mjs',
    'D:/Desktop/my-anime-blog/node_modules/u
nenv/dist/runtime/node/internal/process/node
-version.mjs',
    'D:/Desktop/my-anime-blog/node_modules/u
nenv/dist/runtime/node/tty.mjs',
    'D:/Desktop/my-anime-blog/app/entry.serv
er.tsx',
    'D:/Desktop/my-anime-blog/app/pages/publ
ic/home.tsx',
    'D:/Desktop/my-anime-blog/app/pages/publ
ic/articles.tsx',
    'D:/Desktop/my-anime-blog/app/root.tsx',
    'D:/Desktop/my-anime-blog/app/pages/publ
ic/gallery.tsx',
    'D:/Desktop/my-anime-blog/app/pages/publ
ic/archive.tsx',
    'D:/Desktop/my-anime-blog/app/pages/publ
ic/bangumi.tsx',
    'D:/Desktop/my-anime-blog/app/pages/publ
ic/articles.$slug.tsx',
    'D:/Desktop/my-anime-blog/app/pages/publ
ic/sitemap[.]xml.ts',
    'D:/Desktop/my-anime-blog/app/pages/publ
ic/atom.xml.tsx',
    'D:/Desktop/my-anime-blog/app/pages/publ
ic/rss.xml.tsx',
    'D:/Desktop/my-anime-blog/app/pages/publ
ic/robots[.]txt.ts',
    'D:/Desktop/my-anime-blog/app/pages/auth
/login.tsx',
    'D:/Desktop/my-anime-blog/app/pages/publ
ic/bangumi.$id.tsx',
    'D:/Desktop/my-anime-blog/app/pages/auth
/logout.tsx',
    'D:/Desktop/my-anime-blog/app/pages/auth
/forgot-password.tsx',
    'D:/Desktop/my-anime-blog/app/pages/lega
l/disclaimer.tsx',
    'D:/Desktop/my-anime-blog/app/pages/lega
l/legal.sponsor.tsx',
    'D:/Desktop/my-anime-blog/app/pages/lega
l/privacy.tsx',
    'D:/Desktop/my-anime-blog/app/pages/lega
l/terms.tsx',
    'D:/Desktop/my-anime-blog/app/pages/lega
l/legal.privacy.tsx',
    'D:/Desktop/my-anime-blog/app/pages/admi
n/admin.logout.tsx',
    'D:/Desktop/my-anime-blog/app/pages/auth
/register.tsx',
    'D:/Desktop/my-anime-blog/app/pages/admi
n/admin.login.tsx',
    'D:/Desktop/my-anime-blog/app/pages/admi
n/admin.tsx',
    'D:/Desktop/my-anime-blog/app/pages/admi
n/admin.article.new.tsx',
    'D:/Desktop/my-anime-blog/app/pages/admi
n/admin.comments.tsx',
    'D:/Desktop/my-anime-blog/app/pages/admi
n/admin.articles.tsx',
    'D:/Desktop/my-anime-blog/app/pages/admi
n/admin.anime.manage.tsx',
    'D:/Desktop/my-anime-blog/app/pages/admi
n/admin.settings.tsx',
    'D:/Desktop/my-anime-blog/app/pages/admi
n/admin.gallery.tsx',
    'D:/Desktop/my-anime-blog/app/pages/admi
n/admin.tags.tsx',
    'D:/Desktop/my-anime-blog/app/pages/admi
n/admin.analytics.tsx',
    'D:/Desktop/my-anime-blog/app/pages/admi
n/admin.missions.tsx',
    'D:/Desktop/my-anime-blog/app/pages/admi
n/admin.users.tsx',
    'D:/Desktop/my-anime-blog/app/pages/admi
n/admin.shop.tsx',
    'D:/Desktop/my-anime-blog/app/pages/admi
n/admin.cleanup.tsx',
    'D:/Desktop/my-anime-blog/app/pages/user
/_game.tsx',
    'D:/Desktop/my-anime-blog/app/pages/admi
n/admin.404.tsx',
    'D:/Desktop/my-anime-blog/app/pages/admi
n/admin.membership.tsx',
    'D:/Desktop/my-anime-blog/app/pages/user
/settings.tsx',
    'D:/Desktop/my-anime-blog/app/pages/user
/user.dashboard.tsx',
    'D:/Desktop/my-anime-blog/app/pages/user
/user.inventory.tsx',
    'D:/Desktop/my-anime-blog/app/api/ai/api
.ai.chat.ts',
    'D:/Desktop/my-anime-blog/app/pages/user
/user.achievements.tsx',
    'D:/Desktop/my-anime-blog/app/api/ai/api
.ai.writing.ts',
    'D:/Desktop/my-anime-blog/app/pages/user
/user.membership.tsx',
    'D:/Desktop/my-anime-blog/app/api/ai/api
.ai.summary.ts',
    'D:/Desktop/my-anime-blog/app/api/ai/api
.ai.seo.ts',
    'D:/Desktop/my-anime-blog/app/api/ai/api
.ai.moderate.ts',
    'D:/Desktop/my-anime-blog/app/api/ai/api
.ai.tags.ts',
    'D:/Desktop/my-anime-blog/app/api/ai/api
.ai.recommend.ts',
    'D:/Desktop/my-anime-blog/app/api/ai/api
.ai.search.ts',
    'D:/Desktop/my-anime-blog/app/api/auth/a
pi.auth.login.ts',
    'D:/Desktop/my-anime-blog/app/api/auth/a
pi.auth.register.ts',
    'D:/Desktop/my-anime-blog/app/api/auth/a
pi.auth.send-code.ts',
    'D:/Desktop/my-anime-blog/app/api/user/a
pi.user.me.ts',
    'D:/Desktop/my-anime-blog/app/api/user/a
pi.user.purchases.ts',
    'D:/Desktop/my-anime-blog/app/api/user/a
pi.daily-signin.ts',
    'D:/Desktop/my-anime-blog/app/api/admin/
api.admin.comments.ts',
    'D:/Desktop/my-anime-blog/app/api/system
/api.system.health.tsx',
    'D:/Desktop/my-anime-blog/app/api/commen
ts/api.comments.tsx',
    'D:/Desktop/my-anime-blog/app/api/admin/
api.admin.purge-cache.tsx',
    'D:/Desktop/my-anime-blog/app/api/admin/
api.admin.change-password.tsx',
    'D:/Desktop/my-anime-blog/app/pages/user
/shop.tsx',
    'D:/Desktop/my-anime-blog/app/api/paymen
t/api.payment.callback.ts',
    'D:/Desktop/my-anime-blog/app/api/paymen
t/api.subscription.ts',
    'D:/Desktop/my-anime-blog/app/api/paymen
t/api.shop.purchase.ts',
    'D:/Desktop/my-anime-blog/app/api/wallet
/api.wallet.ts',
    'D:/Desktop/my-anime-blog/app/api/wallet
/api.wallet.recharge.ts',
    'D:/Desktop/my-anime-blog/app/api/misc/a
pi.upload.ts',
    'D:/Desktop/my-anime-blog/app/api/bangum
i/api.bangumi.search.ts',
    'D:/Desktop/my-anime-blog/app/api/paymen
t/api.payment.mock-complete.ts',
    'D:/Desktop/my-anime-blog/app/api/misc/a
pi.r2.$.ts',
    'D:/Desktop/my-anime-blog/app/api/bangum
i/api.bangumi.detail.ts',
    'D:/Desktop/my-anime-blog/app/api/misc/a
pi.animes.ts',
    'D:/Desktop/my-anime-blog/app/api/misc/a
ction.set-theme.ts',
    'D:/Desktop/my-anime-blog/app/api/misc/a
pi.og.tsx',
    'D:/Desktop/my-anime-blog/app/api/misc/a
pi.achievement.tsx',
    'D:/Desktop/my-anime-blog/app/pages/erro
r/404.tsx',
    'D:/Desktop/my-anime-blog/app/pages/user
/wallet.tsx',
    'D:/Desktop/my-anime-blog/node_modules/u
nenv/dist/runtime/node/internal/tty/read-str
eam.mjs',
    'D:/Desktop/my-anime-blog/node_modules/u
nenv/dist/runtime/node/internal/tty/write-st
ream.mjs',
    'D:/Desktop/my-anime-blog/app/utils/db.t
s',
    'D:/Desktop/my-anime-blog/app/utils/cate
goryColor.ts',
    ... 2635 more items
  ],
  [Symbol(augmented)]: true
}
