
> typecheck
> npm run cf-typegen && react-router typegen && tsc -b


> cf-typegen
> wrangler types


 鉀咃笍 wrangler 4.54.0 (update available 4.67.0)
鈹€鈹€鈹€鈹€鈹€鈹€鈹€鈹€鈹€鈹€鈹€鈹€鈹€鈹€鈹€鈹€鈹€鈹€鈹€鈹€鈹€鈹€鈹€鈹€鈹€鈹€鈹€鈹€鈹€鈹€鈹€鈹€鈹€鈹€鈹€鈹€鈹€鈹€鈹€鈹€鈹€鈹€鈹€鈹€鈹€
Generating project types...

declare namespace Cloudflare {
	interface GlobalProps {
		mainModule: typeof import("./workers/app");
	}
	interface Env {
		CACHE_KV: KVNamespace;
		VALUE_FROM_CLOUDFLARE: "Hello from Cloudflare";
		PAYMENT_SECRET: "REPLACE_WITH_STRONG_SECRET_KEY_IN_PRODUCTION";
		CSRF_SECRET: "REPLACE_WITH_STRONG_CSRF_SECRET_IN_PRODUCTION";
		SESSION_SECRET: "REPLACE_WITH_STRONG_SESSION_SECRET_IN_PRODUCTION";
		ENVIRONMENT: "development";
		PAYMENT_CALLBACK_IPS: "127.0.0.1,::1";
		IMAGES_BUCKET: R2Bucket;
		anime_db: D1Database;
		ANALYTICS: AnalyticsEngineDataset;
		AI: Ai;
		ASSETS: Fetcher;
	}
}
interface Env extends Cloudflare.Env {}
type StringifyValues<EnvType extends Record<string, unknown>> = {
	[Binding in keyof EnvType]: EnvType[Binding] extends string ? EnvType[Binding] : string;
};
declare namespace NodeJS {
	interface ProcessEnv extends StringifyValues<Pick<Cloudflare.Env, "VALUE_FROM_CLOUDFLARE" | "PAYMENT_SECRET" | "CSRF_SECRET" | "SESSION_SECRET" | "ENVIRONMENT" | "PAYMENT_CALLBACK_IPS">> {}
}

Generating runtime types...

Runtime types generated.


鉁?Types written to worker-configuration.d.ts

馃摉 Read about runtime types
https://developers.cloudflare.com/workers/languages/typescript/#generate-types
馃摚 Remember to rerun 'wrangler types' after you change your wrangler.json file.

app/pages/admin/admin.gallery.tsx(288,15): error TS2304: Cannot find name 'toast'.
app/pages/admin/admin.gallery.tsx(361,29): error TS2304: Cannot find name 'toast'.
app/pages/admin/admin.gallery.tsx(437,27): error TS2304: Cannot find name 'toast'.
app/pages/admin/admin.settings.tsx(142,5): error TS2353: Object literal may only specify known properties, and 'fake_total_views_offset' does not exist in type '{ enabled?: boolean | undefined; base_pv?: number | undefined; base_user_count?: number | undefined; base_online_users?: number | undefined; global_exp_rate?: number | undefined; global_coin_rate?: number | undefined; uptime_override_days?: number | undefined; }'.
app/pages/admin/admin.settings.tsx(876,55): error TS2339: Property 'fake_total_views_offset' does not exist on type '{ enabled?: boolean | undefined; base_pv?: number | undefined; base_user_count?: number | undefined; base_online_users?: number | undefined; global_exp_rate?: number | undefined; global_coin_rate?: number | undefined; uptime_override_days?: number | undefined; }'.
app/pages/admin/admin.settings.tsx(879,95): error TS2353: Object literal may only specify known properties, and 'fake_total_views_offset' does not exist in type '{ enabled?: boolean | undefined; base_pv?: number | undefined; base_user_count?: number | undefined; base_online_users?: number | undefined; global_exp_rate?: number | undefined; global_coin_rate?: number | undefined; uptime_override_days?: number | undefined; }'.
app/pages/admin/admin.settings.tsx(892,55): error TS2339: Property 'fake_user_count_offset' does not exist on type '{ enabled?: boolean | undefined; base_pv?: number | undefined; base_user_count?: number | undefined; base_online_users?: number | undefined; global_exp_rate?: number | undefined; global_coin_rate?: number | undefined; uptime_override_days?: number | undefined; }'.
app/pages/admin/admin.settings.tsx(895,95): error TS2353: Object literal may only specify known properties, and 'fake_user_count_offset' does not exist in type '{ enabled?: boolean | undefined; base_pv?: number | undefined; base_user_count?: number | undefined; base_online_users?: number | undefined; global_exp_rate?: number | undefined; global_coin_rate?: number | undefined; uptime_override_days?: number | undefined; }'.
app/pages/admin/admin.settings.tsx(909,57): error TS2339: Property 'simulated_online_users_min' does not exist on type '{ enabled?: boolean | undefined; base_pv?: number | undefined; base_user_count?: number | undefined; base_online_users?: number | undefined; global_exp_rate?: number | undefined; global_coin_rate?: number | undefined; uptime_override_days?: number | undefined; }'.
app/pages/admin/admin.settings.tsx(912,97): error TS2353: Object literal may only specify known properties, and 'simulated_online_users_min' does not exist in type '{ enabled?: boolean | undefined; base_pv?: number | undefined; base_user_count?: number | undefined; base_online_users?: number | undefined; global_exp_rate?: number | undefined; global_coin_rate?: number | undefined; uptime_override_days?: number | undefined; }'.
app/pages/admin/admin.settings.tsx(921,57): error TS2339: Property 'simulated_online_users_max' does not exist on type '{ enabled?: boolean | undefined; base_pv?: number | undefined; base_user_count?: number | undefined; base_online_users?: number | undefined; global_exp_rate?: number | undefined; global_coin_rate?: number | undefined; uptime_override_days?: number | undefined; }'.
app/pages/admin/admin.settings.tsx(924,97): error TS2353: Object literal may only specify known properties, and 'simulated_online_users_max' does not exist in type '{ enabled?: boolean | undefined; base_pv?: number | undefined; base_user_count?: number | undefined; base_online_users?: number | undefined; global_exp_rate?: number | undefined; global_coin_rate?: number | undefined; uptime_override_days?: number | undefined; }'.
